Flutter crash report.
Please report a bug at https://github.com/flutter/flutter/issues.

## command

flutter run

## exception

PathAccessException: PathAccessException: Cannot create file, path = 'build\flutter_assets\packages/getwidget/icons/linkedin.png' (OS Error: The process cannot access the file because it is being used by another process.
, errno = 32)

```
#0      _File.throwIfError (dart:io/file_impl.dart:783:7)
#1      _File.createSync (dart:io/file_impl.dart:344:5)
#2      ForwardingFile.createSync (package:file/src/forwarding/forwarding_file.dart:26:16)
#3      ErrorHandlingFile.createSync.<anonymous closure> (package:flutter_tools/src/base/error_handling_io.dart:265:22)
#4      _runSync (package:flutter_tools/src/base/error_handling_io.dart:552:14)
#5      ErrorHandlingFile.createSync (package:flutter_tools/src/base/error_handling_io.dart:264:5)
#6      ErrorHandlingFile.copySync.<anonymous closure> (package:flutter_tools/src/base/error_handling_io.dart:300:24)
#7      _runSync (package:flutter_tools/src/base/error_handling_io.dart:552:14)
#8      ErrorHandlingFile.copySync (package:flutter_tools/src/base/error_handling_io.dart:299:5)
#9      writeBundle.<anonymous closure> (package:flutter_tools/src/bundle_builder.dart:221:19)
<asynchronous suspension>
#10     Future.wait.<anonymous closure> (dart:async/future.dart:525:21)
<asynchronous suspension>
#11     writeBundle (package:flutter_tools/src/bundle_builder.dart:177:3)
<asynchronous suspension>
#12     WebDevFS.update (package:flutter_tools/src/isolated/devfs_web.dart:348:9)
<asynchronous suspension>
#13     ResidentWebRunner._updateDevFS (package:flutter_tools/src/isolated/resident_web_runner.dart:762:35)
<asynchronous suspension>
#14     ResidentWebRunner.run.<anonymous closure> (package:flutter_tools/src/isolated/resident_web_runner.dart:360:41)
<asynchronous suspension>
#15     asyncGuard.<anonymous closure> (package:flutter_tools/src/base/async_guard.dart:108:24)
<asynchronous suspension>
```

## flutter doctor

```
[32m[✓][39m Flutter (Channel stable, 3.35.6, on Microsoft Windows [Version 10.0.19045.6332], locale en-US) [2.3s]
    [32m•[39m Flutter version 3.35.6 on channel stable at C:\src\flutter
    [32m•[39m Upstream repository https://github.com/flutter/flutter.git
    [32m•[39m Framework revision 9f455d2486 (5 weeks ago), 2025-10-08 14:55:31 -0500
    [32m•[39m Engine revision d2913632a4
    [32m•[39m Dart version 3.9.2
    [32m•[39m DevTools version 2.48.0
    [32m•[39m Feature flags: enable-web, enable-linux-desktop, enable-macos-desktop, enable-windows-desktop,
      enable-android, enable-ios, cli-animations, enable-lldb-debugging

[32m[✓][39m Windows Version (10 Pro 64-bit, 22H2, 2009) [7.6s]

[32m[✓][39m Android toolchain - develop for Android devices (Android SDK version 36.1.0) [9.8s]
    [32m•[39m Android SDK at C:\Users\ESHOP\AppData\Local\Android\Sdk
    [32m•[39m Emulator version unknown
    [32m•[39m Platform android-36, build-tools 36.1.0
    [32m•[39m ANDROID_HOME = C:\Users\ESHOP\AppData\Local\Android\Sdk
    [32m•[39m Java binary at: C:\Program Files\Android\Android Studio\jbr\bin\java
      This is the JDK bundled with the latest Android Studio installation on this machine.
      To manually set the JDK path, use: `flutter config --jdk-dir="path/to/jdk"`.
    [32m•[39m Java version OpenJDK Runtime Environment (build 21.0.7+-13880790-b1038.58)
    [32m•[39m All Android licenses accepted.

[32m[✓][39m Chrome - develop for the web [837ms]
    [32m•[39m Chrome at C:\Program Files\Google\Chrome\Application\chrome.exe

[33m[!][39m Visual Studio - develop Windows apps (Visual Studio Community 2022 17.14.16) [833ms]
    [32m•[39m Visual Studio at C:\Program Files\Microsoft Visual Studio\2022\Community
    [32m•[39m Visual Studio Community 2022 version 17.14.36518.9
    [31m✗[39m Visual Studio is missing necessary components. Please re-run the Visual Studio installer for the
      "Desktop development with C++" workload, and include these components:
        MSVC v142 - VS 2019 C++ x64/x86 build tools
         - If there are multiple build tool versions available, install the latest
        C++ CMake tools for Windows
        Windows 10 SDK

[32m[✓][39m Android Studio (version 2025.1.3) [18ms]
    [32m•[39m Android Studio at C:\Program Files\Android\Android Studio
    [32m•[39m Flutter plugin can be installed from:
      🔨 https://plugins.jetbrains.com/plugin/9212-flutter
    [32m•[39m Dart plugin can be installed from:
      🔨 https://plugins.jetbrains.com/plugin/6351-dart
    [32m•[39m Java version OpenJDK Runtime Environment (build 21.0.7+-13880790-b1038.58)

[32m[✓][39m VS Code (version 1.105.0) [11ms]
    [32m•[39m VS Code at C:\Users\ESHOP\AppData\Local\Programs\Microsoft VS Code
    [32m•[39m Flutter extension version 3.120.0

[32m[✓][39m Connected device (3 available) [339ms]
    [32m•[39m Windows (desktop) • windows • windows-x64    • Microsoft Windows [Version 10.0.19045.6332]
    [32m•[39m Chrome (web)      • chrome  • web-javascript • Google Chrome 142.0.7444.61
    [32m•[39m Edge (web)        • edge    • web-javascript • Microsoft Edge 142.0.3595.53

[32m[✓][39m Network resources [1,558ms]
    [32m•[39m All expected network resources are available.

[33m![39m Doctor found issues in 1 category.
```
